Archive member included because of file (symbol)

c:/program files (x86)/microchip/xc32/v1.31/bin/../lib/gcc/pic32mx/4.5.2/../../../../pic32mx/lib\libmchp_peripheral.a(open_core_timer_lib.o)
                              build/default/production/_ext/1472/main.o (OpenCoreTimer)
c:/program files (x86)/microchip/xc32/v1.31/bin/../lib/gcc/pic32mx/4.5.2/../../../../pic32mx/lib\libmchp_peripheral.a(update_core_timer_lib.o)
                              build/default/production/_ext/1472/main.o (UpdateCoreTimer)
c:/program files (x86)/microchip/xc32/v1.31/bin/../lib/gcc/pic32mx/4.5.2/../../../../pic32mx/lib\libmchp_peripheral.a(read_core_timer_lib.o)
                              build/default/production/_ext/1472/main.o (ReadCoreTimer)
c:/program files (x86)/microchip/xc32/v1.31/bin/../lib/gcc/pic32mx/4.5.2/../../../../pic32mx/lib\libmchp_peripheral_32MX795F512L.a(pcache.o)
                              build/default/production/_ext/1472/main.o (CheKseg0CacheOn)
c:/program files (x86)/microchip/xc32/v1.31/bin/../lib/gcc/pic32mx/4.5.2/../../../../pic32mx/lib\libmchp_peripheral_32MX795F512L.a(int_disable_interrupts_lib.o)
                              build/default/production/_ext/1472/main.o (INTDisableInterrupts)
c:/program files (x86)/microchip/xc32/v1.31/bin/../lib/gcc/pic32mx/4.5.2/../../../../pic32mx/lib\libmchp_peripheral_32MX795F512L.a(int_restore_interrupts_lib.o)
                              build/default/production/_ext/1472/main.o (INTRestoreInterrupts)
c:/program files (x86)/microchip/xc32/v1.31/bin/../lib/gcc/pic32mx/4.5.2/../../../../pic32mx/lib\libmchp_peripheral_32MX795F512L.a(int_enable_mv_int_lib.o)
                              build/default/production/_ext/1472/main.o (INTEnableSystemMultiVectoredInt)
c:/program files (x86)/microchip/xc32/v1.31/bin/../lib/gcc/pic32mx/4.5.2/../../../../pic32mx/lib\libmchp_peripheral_32MX795F512L.a(int_enable_interrupts_lib.o)
                              c:/program files (x86)/microchip/xc32/v1.31/bin/../lib/gcc/pic32mx/4.5.2/../../../../pic32mx/lib\libmchp_peripheral_32MX795F512L.a(int_enable_mv_int_lib.o) (INTEnableInterrupts)
c:/program files (x86)/microchip/xc32/v1.31/bin/../lib/gcc/pic32mx/4.5.2/../../../../pic32mx/lib\libpic32.a(default-bootstrap-exception-handler.o)
                              c:/program files (x86)/microchip/xc32/v1.31/bin/../lib/gcc/pic32mx/4.5.2/../../../../pic32mx/lib/./proc/32MX795F512L/crt0_mips32r2.o (_bootstrap_exception_handler)
c:/program files (x86)/microchip/xc32/v1.31/bin/../lib/gcc/pic32mx/4.5.2/../../../../pic32mx/lib\libpic32.a(default-on-reset.o)
                              c:/program files (x86)/microchip/xc32/v1.31/bin/../lib/gcc/pic32mx/4.5.2/../../../../pic32mx/lib/./proc/32MX795F512L/crt0_mips32r2.o (_on_reset)
c:/program files (x86)/microchip/xc32/v1.31/bin/../lib/gcc/pic32mx/4.5.2/../../../../pic32mx/lib\libpic32.a(default-on-bootstrap.o)
                              c:/program files (x86)/microchip/xc32/v1.31/bin/../lib/gcc/pic32mx/4.5.2/../../../../pic32mx/lib/./proc/32MX795F512L/crt0_mips32r2.o (_on_bootstrap)
c:/program files (x86)/microchip/xc32/v1.31/bin/../lib/gcc/pic32mx/4.5.2/../../../../pic32mx/lib\libpic32.a(default-nmi-handler.o)
                              c:/program files (x86)/microchip/xc32/v1.31/bin/../lib/gcc/pic32mx/4.5.2/../../../../pic32mx/lib/./proc/32MX795F512L/crt0_mips32r2.o (_nmi_handler)
c:/program files (x86)/microchip/xc32/v1.31/bin/../lib/gcc/pic32mx/4.5.2/../../../../pic32mx/lib\libpic32.a(pic32_software_reset.o)
                              c:/program files (x86)/microchip/xc32/v1.31/bin/../lib/gcc/pic32mx/4.5.2/../../../../pic32mx/lib\libpic32.a(default-bootstrap-exception-handler.o) (__pic32_software_reset)
c:/program files (x86)/microchip/xc32/v1.31/bin/../lib/gcc/pic32mx/4.5.2/../../../../pic32mx/lib\libpic32.a(general-exception.o)
                              c:/program files (x86)/microchip/xc32/v1.31/bin/../lib/gcc/pic32mx/4.5.2/../../../../pic32mx/lib/./proc/32MX795F512L/crt0_mips32r2.o (_general_exception_context)
c:/program files (x86)/microchip/xc32/v1.31/bin/../lib/gcc/pic32mx/4.5.2/../../../../pic32mx/lib\libpic32.a(default-general-exception-handler.o)
                              c:/program files (x86)/microchip/xc32/v1.31/bin/../lib/gcc/pic32mx/4.5.2/../../../../pic32mx/lib\libpic32.a(general-exception.o) (_general_exception_handler)

Microchip PIC32 Memory-Usage Report

kseg0 Program-Memory Usage
section                    address  length [bytes]      (dec)  Description
-------                 ----------  -------------------------  -----------
.text                   0x9d007490          0x4dc        1244  App's exec code 
.text.general_exception 0x9d00796c           0xdc         220   
.text.main_entry        0x9d007a48           0x4c          76   
.text                   0x9d007a94           0x44          68  App's exec code 
.text._bootstrap_except 0x9d007ad8           0x38          56   
.text._general_exceptio 0x9d007b10           0x38          56   
.text.INTEnableSystemMu 0x9d007b48           0x34          52   
.text.INTRestoreInterru 0x9d007b7c           0x1c          28   
.text.CheKseg0CacheOff  0x9d007b98           0x18          24   
.text.CheKseg0CacheOn   0x9d007bb0           0x18          24   
.text                   0x9d007bc8           0x18          24  App's exec code 
.text.UpdateCoreTimer   0x9d007be0           0x10          16   
.dinit                  0x9d007bf0           0x10          16   
.text.OpenCoreTimer     0x9d007c00            0xc          12   
.text.ReadCoreTimer     0x9d007c0c            0x8           8   
.text.INTDisableInterru 0x9d007c14            0x8           8   
.text.INTEnableInterrup 0x9d007c1c            0x8           8   
.text._on_reset         0x9d007c24            0x8           8   
.text._on_bootstrap     0x9d007c2c            0x8           8   
      Total kseg0_program_mem used  :       0x7a4        1956  0.4% of 0x79b70

kseg0 Boot-Memory Usage
section                    address  length [bytes]      (dec)  Description
-------                 ----------  -------------------------  -----------
         Total kseg0_boot_mem used  :           0           0  

Exception-Memory Usage 
section                    address  length [bytes]      (dec)  Description
-------                 ----------  -------------------------  -----------
.app_excpt              0x9d006180           0x10          16  General-Exception 
.vector_0               0x9d006200            0x8           8  Interrupt Vector 0 
          Total exception_mem used  :        0x18          24  0.6% of 0x1000

kseg1 Boot-Memory Usage
section                    address  length [bytes]      (dec)  Description
-------                 ----------  -------------------------  -----------
.reset                  0x9d007000          0x1e8         488  Reset handler 
.bev_excpt              0x9d007380           0x10          16  BEV-Exception 
         Total kseg1_boot_mem used  :       0x1f8         504  43.2% of 0x490
        --------------------------------------------------------------------------
         Total Program Memory used  :       0x9b4        2484  0.5% of 0x7b000
        --------------------------------------------------------------------------


kseg1 Data-Memory Usage
section                    address  length [bytes]      (dec)  Description
-------                 ----------  -------------------------  -----------
         Total kseg1_data_mem used  :           0           0  <1% of 0x20000
        --------------------------------------------------------------------------
            Total Data Memory used  :           0           0  <1% of 0x20000
        --------------------------------------------------------------------------


Dynamic Data-Memory Reservation
section                    address  length [bytes]      (dec)  Description
-------                 ----------  -------------------------  -----------
heap                    0xa0000008           0x10          16  Reserved for heap 
stack                   0xa0000030        0x1ffc8      131016  Reserved for stack 

        --------------------------------------------------------------------------

Discarded input sections

 .reginfo       0x00000000       0x18 build/default/production/_ext/1472/main.o
 .reginfo       0x00000000       0x18 c:/program files (x86)/microchip/xc32/v1.31/bin/../lib/gcc/pic32mx/4.5.2/../../../../pic32mx/lib/./proc/32MX795F512L\processor.o
 .reginfo       0x00000000       0x18 c:/program files (x86)/microchip/xc32/v1.31/bin/../lib/gcc/pic32mx/4.5.2/../../../../pic32mx/lib\libmchp_peripheral.a(open_core_timer_lib.o)
 .pdr           0x00000000       0x20 c:/program files (x86)/microchip/xc32/v1.31/bin/../lib/gcc/pic32mx/4.5.2/../../../../pic32mx/lib\libmchp_peripheral.a(open_core_timer_lib.o)
 .reginfo       0x00000000       0x18 c:/program files (x86)/microchip/xc32/v1.31/bin/../lib/gcc/pic32mx/4.5.2/../../../../pic32mx/lib\libmchp_peripheral.a(update_core_timer_lib.o)
 .pdr           0x00000000       0x20 c:/program files (x86)/microchip/xc32/v1.31/bin/../lib/gcc/pic32mx/4.5.2/../../../../pic32mx/lib\libmchp_peripheral.a(update_core_timer_lib.o)
 .reginfo       0x00000000       0x18 c:/program files (x86)/microchip/xc32/v1.31/bin/../lib/gcc/pic32mx/4.5.2/../../../../pic32mx/lib\libmchp_peripheral.a(read_core_timer_lib.o)
 .pdr           0x00000000       0x20 c:/program files (x86)/microchip/xc32/v1.31/bin/../lib/gcc/pic32mx/4.5.2/../../../../pic32mx/lib\libmchp_peripheral.a(read_core_timer_lib.o)
 .reginfo       0x00000000       0x18 c:/program files (x86)/microchip/xc32/v1.31/bin/../lib/gcc/pic32mx/4.5.2/../../../../pic32mx/lib\libmchp_peripheral_32MX795F512L.a(pcache.o)
 .pdr           0x00000000       0x40 c:/program files (x86)/microchip/xc32/v1.31/bin/../lib/gcc/pic32mx/4.5.2/../../../../pic32mx/lib\libmchp_peripheral_32MX795F512L.a(pcache.o)
 .reginfo       0x00000000       0x18 c:/program files (x86)/microchip/xc32/v1.31/bin/../lib/gcc/pic32mx/4.5.2/../../../../pic32mx/lib\libmchp_peripheral_32MX795F512L.a(int_disable_interrupts_lib.o)
 .pdr           0x00000000       0x20 c:/program files (x86)/microchip/xc32/v1.31/bin/../lib/gcc/pic32mx/4.5.2/../../../../pic32mx/lib\libmchp_peripheral_32MX795F512L.a(int_disable_interrupts_lib.o)
 .reginfo       0x00000000       0x18 c:/program files (x86)/microchip/xc32/v1.31/bin/../lib/gcc/pic32mx/4.5.2/../../../../pic32mx/lib\libmchp_peripheral_32MX795F512L.a(int_restore_interrupts_lib.o)
 .pdr           0x00000000       0x20 c:/program files (x86)/microchip/xc32/v1.31/bin/../lib/gcc/pic32mx/4.5.2/../../../../pic32mx/lib\libmchp_peripheral_32MX795F512L.a(int_restore_interrupts_lib.o)
 .reginfo       0x00000000       0x18 c:/program files (x86)/microchip/xc32/v1.31/bin/../lib/gcc/pic32mx/4.5.2/../../../../pic32mx/lib\libmchp_peripheral_32MX795F512L.a(int_enable_mv_int_lib.o)
 .pdr           0x00000000       0x20 c:/program files (x86)/microchip/xc32/v1.31/bin/../lib/gcc/pic32mx/4.5.2/../../../../pic32mx/lib\libmchp_peripheral_32MX795F512L.a(int_enable_mv_int_lib.o)
 .reginfo       0x00000000       0x18 c:/program files (x86)/microchip/xc32/v1.31/bin/../lib/gcc/pic32mx/4.5.2/../../../../pic32mx/lib\libmchp_peripheral_32MX795F512L.a(int_enable_interrupts_lib.o)
 .pdr           0x00000000       0x20 c:/program files (x86)/microchip/xc32/v1.31/bin/../lib/gcc/pic32mx/4.5.2/../../../../pic32mx/lib\libmchp_peripheral_32MX795F512L.a(int_enable_interrupts_lib.o)
 .reginfo       0x00000000       0x18 c:/program files (x86)/microchip/xc32/v1.31/bin/../lib/gcc/pic32mx/4.5.2/../../../../pic32mx/lib\libpic32.a(default-bootstrap-exception-handler.o)
 .reginfo       0x00000000       0x18 c:/program files (x86)/microchip/xc32/v1.31/bin/../lib/gcc/pic32mx/4.5.2/../../../../pic32mx/lib\libpic32.a(default-on-reset.o)
 .reginfo       0x00000000       0x18 c:/program files (x86)/microchip/xc32/v1.31/bin/../lib/gcc/pic32mx/4.5.2/../../../../pic32mx/lib\libpic32.a(default-on-bootstrap.o)
 .reginfo       0x00000000       0x18 c:/program files (x86)/microchip/xc32/v1.31/bin/../lib/gcc/pic32mx/4.5.2/../../../../pic32mx/lib\libpic32.a(default-nmi-handler.o)
 .reginfo       0x00000000       0x18 c:/program files (x86)/microchip/xc32/v1.31/bin/../lib/gcc/pic32mx/4.5.2/../../../../pic32mx/lib\libpic32.a(pic32_software_reset.o)
 .reginfo       0x00000000       0x18 c:/program files (x86)/microchip/xc32/v1.31/bin/../lib/gcc/pic32mx/4.5.2/../../../../pic32mx/lib\libpic32.a(general-exception.o)
 .reginfo       0x00000000       0x18 c:/program files (x86)/microchip/xc32/v1.31/bin/../lib/gcc/pic32mx/4.5.2/../../../../pic32mx/lib\libpic32.a(default-general-exception-handler.o)
 .reginfo       0x00000000       0x18 c:/program files (x86)/microchip/xc32/v1.31/bin/../lib/gcc/pic32mx/4.5.2/../../../../pic32mx/lib\debug-exception-return.o

Memory Configuration

Name             Origin             Length             Attributes
kseg0_program_mem 0x9d007490         0x00079b70         xr
kseg0_boot_mem   0x9d006000         0x00000000
exception_mem    0x9d006000         0x00001000
kseg1_boot_mem   0x9d007000         0x00000490
debug_exec_mem   0xbfc02000         0x00000ff0
config3          0xbfc02ff0         0x00000004
config2          0xbfc02ff4         0x00000004
config1          0xbfc02ff8         0x00000004
config0          0xbfc02ffc         0x00000004
kseg1_data_mem   0xa0000000         0x00020000         w !x
sfrs             0xbf800000         0x00100000
configsfrs       0xbfc02ff0         0x00000010
*default*        0x00000000         0xffffffff

Linker script and memory map

LOAD c:/program files (x86)/microchip/xc32/v1.31/bin/../lib/gcc/pic32mx/4.5.2/../../../../pic32mx/lib/./proc/32MX795F512L/crt0_mips32r2.o
LOAD build/default/production/_ext/1472/main.o
                0x00000001                __MPLAB_BUILD = 0x1
                0x00000400                PROVIDE (_min_stack_size, 0x400)
LOAD c:/program files (x86)/microchip/xc32/v1.31/bin/../lib/gcc/pic32mx/4.5.2/../../../../pic32mx/lib/./proc/32MX795F512L\processor.o
START GROUP
LOAD c:/program files (x86)/microchip/xc32/v1.31/bin/../lib/gcc/pic32mx/4.5.2/../../../../pic32mx/lib\libmchp_peripheral.a
END GROUP
START GROUP
LOAD c:/program files (x86)/microchip/xc32/v1.31/bin/../lib/gcc/pic32mx/4.5.2/../../../../pic32mx/lib\libmchp_peripheral_32MX795F512L.a
END GROUP
                0x00000001                PROVIDE (_vector_spacing, 0x1)
                0x9d006000                _ebase_address = 0x9d006000
                0x9d007000                _RESET_ADDR = 0x9d007000
                0x9d007380                _BEV_EXCPT_ADDR = 0x9d007380
                0x9d007480                _DBG_EXCPT_ADDR = 0x9d007480
                0xbfc02000                _DBG_CODE_ADDR = 0xbfc02000
                0x00000ff0                _DBG_CODE_SIZE = 0xff0
                0x9d006180                _GEN_EXCPT_ADDR = (_ebase_address + 0x180)

.config_BFC02FF0
 *(.config_BFC02FF0)

.config_BFC02FF4
 *(.config_BFC02FF4)

.config_BFC02FF8
 *(.config_BFC02FF8)

.config_BFC02FFC
 *(.config_BFC02FFC)
                0xbfc02000                PROVIDE (_DBG_CODE_ADDR, 0xbfc02000)
                0x00000ff0                PROVIDE (_DBG_CODE_SIZE, 0xff0)

.reset          0x9d007000      0x1e8
 *(.reset)
 .reset         0x9d007000      0x1e8 c:/program files (x86)/microchip/xc32/v1.31/bin/../lib/gcc/pic32mx/4.5.2/../../../../pic32mx/lib/./proc/32MX795F512L/crt0_mips32r2.o
                0x9d007000                _reset
 *(.reset.startup)

.bev_excpt      0x9d007380       0x10
 *(.bev_handler)
 .bev_handler   0x9d007380       0x10 c:/program files (x86)/microchip/xc32/v1.31/bin/../lib/gcc/pic32mx/4.5.2/../../../../pic32mx/lib/./proc/32MX795F512L/crt0_mips32r2.o

.dbg_excpt      0x9d007480        0x0
                0x9d007480                . = (. + DEFINED (_DEBUGGER)?0x8:0x0)

.dbg_code       0xbfc02000        0x0
                0xbfc02000                . = (. + DEFINED (_DEBUGGER)?_DBG_CODE_SIZE:0x0)

.app_excpt      0x9d006180       0x10
 *(.gen_handler)
 .gen_handler   0x9d006180       0x10 c:/program files (x86)/microchip/xc32/v1.31/bin/../lib/gcc/pic32mx/4.5.2/../../../../pic32mx/lib/./proc/32MX795F512L/crt0_mips32r2.o

.vector_0       0x9d006200        0x8
 *(.vector_0)
 .vector_0      0x9d006200        0x8 build/default/production/_ext/1472/main.o
                0x9d006200                __vector_dispatch_0
                0x00000001                ASSERT (((_vector_spacing == 0x0) || (SIZEOF (.vector_0) <= (_vector_spacing << 0x5))), function at exception vector 0 too large)

.vector_1       0x9d006220        0x0
 *(.vector_1)
                0x00000001                ASSERT (((_vector_spacing == 0x0) || (SIZEOF (.vector_1) <= (_vector_spacing << 0x5))), function at exception vector 1 too large)

.vector_2       0x9d006240        0x0
 *(.vector_2)
                0x00000001                ASSERT (((_vector_spacing == 0x0) || (SIZEOF (.vector_2) <= (_vector_spacing << 0x5))), function at exception vector 2 too large)

.vector_3       0x9d006260        0x0
 *(.vector_3)
                0x00000001                ASSERT (((_vector_spacing == 0x0) || (SIZEOF (.vector_3) <= (_vector_spacing << 0x5))), function at exception vector 3 too large)

.vector_4       0x9d006280        0x0
 *(.vector_4)
                0x00000001                ASSERT (((_vector_spacing == 0x0) || (SIZEOF (.vector_4) <= (_vector_spacing << 0x5))), function at exception vector 4 too large)

.vector_5       0x9d0062a0        0x0
 *(.vector_5)
                0x00000001                ASSERT (((_vector_spacing == 0x0) || (SIZEOF (.vector_5) <= (_vector_spacing << 0x5))), function at exception vector 5 too large)

.vector_6       0x9d0062c0        0x0
 *(.vector_6)
                0x00000001                ASSERT (((_vector_spacing == 0x0) || (SIZEOF (.vector_6) <= (_vector_spacing << 0x5))), function at exception vector 6 too large)

.vector_7       0x9d0062e0        0x0
 *(.vector_7)
                0x00000001                ASSERT (((_vector_spacing == 0x0) || (SIZEOF (.vector_7) <= (_vector_spacing << 0x5))), function at exception vector 7 too large)

.vector_8       0x9d006300        0x0
 *(.vector_8)
                0x00000001                ASSERT (((_vector_spacing == 0x0) || (SIZEOF (.vector_8) <= (_vector_spacing << 0x5))), function at exception vector 8 too large)

.vector_9       0x9d006320        0x0
 *(.vector_9)
                0x00000001                ASSERT (((_vector_spacing == 0x0) || (SIZEOF (.vector_9) <= (_vector_spacing << 0x5))), function at exception vector 9 too large)

.vector_10      0x9d006340        0x0
 *(.vector_10)
                0x00000001                ASSERT (((_vector_spacing == 0x0) || (SIZEOF (.vector_10) <= (_vector_spacing << 0x5))), function at exception vector 10 too large)

.vector_11      0x9d006360        0x0
 *(.vector_11)
                0x00000001                ASSERT (((_vector_spacing == 0x0) || (SIZEOF (.vector_11) <= (_vector_spacing << 0x5))), function at exception vector 11 too large)

.vector_12      0x9d006380        0x0
 *(.vector_12)
                0x00000001                ASSERT (((_vector_spacing == 0x0) || (SIZEOF (.vector_12) <= (_vector_spacing << 0x5))), function at exception vector 12 too large)

.vector_13      0x9d0063a0        0x0
 *(.vector_13)
                0x00000001                ASSERT (((_vector_spacing == 0x0) || (SIZEOF (.vector_13) <= (_vector_spacing << 0x5))), function at exception vector 13 too large)

.vector_14      0x9d0063c0        0x0
 *(.vector_14)
                0x00000001                ASSERT (((_vector_spacing == 0x0) || (SIZEOF (.vector_14) <= (_vector_spacing << 0x5))), function at exception vector 14 too large)

.vector_15      0x9d0063e0        0x0
 *(.vector_15)
                0x00000001                ASSERT (((_vector_spacing == 0x0) || (SIZEOF (.vector_15) <= (_vector_spacing << 0x5))), function at exception vector 15 too large)

.vector_16      0x9d006400        0x0
 *(.vector_16)
                0x00000001                ASSERT (((_vector_spacing == 0x0) || (SIZEOF (.vector_16) <= (_vector_spacing << 0x5))), function at exception vector 16 too large)

.vector_17      0x9d006420        0x0
 *(.vector_17)
                0x00000001                ASSERT (((_vector_spacing == 0x0) || (SIZEOF (.vector_17) <= (_vector_spacing << 0x5))), function at exception vector 17 too large)

.vector_18      0x9d006440        0x0
 *(.vector_18)
                0x00000001                ASSERT (((_vector_spacing == 0x0) || (SIZEOF (.vector_18) <= (_vector_spacing << 0x5))), function at exception vector 18 too large)

.vector_19      0x9d006460        0x0
 *(.vector_19)
                0x00000001                ASSERT (((_vector_spacing == 0x0) || (SIZEOF (.vector_19) <= (_vector_spacing << 0x5))), function at exception vector 19 too large)

.vector_20      0x9d006480        0x0
 *(.vector_20)
                0x00000001                ASSERT (((_vector_spacing == 0x0) || (SIZEOF (.vector_20) <= (_vector_spacing << 0x5))), function at exception vector 20 too large)

.vector_21      0x9d0064a0        0x0
 *(.vector_21)
                0x00000001                ASSERT (((_vector_spacing == 0x0) || (SIZEOF (.vector_21) <= (_vector_spacing << 0x5))), function at exception vector 21 too large)

.vector_22      0x9d0064c0        0x0
 *(.vector_22)
                0x00000001                ASSERT (((_vector_spacing == 0x0) || (SIZEOF (.vector_22) <= (_vector_spacing << 0x5))), function at exception vector 22 too large)

.vector_23      0x9d0064e0        0x0
 *(.vector_23)
                0x00000001                ASSERT (((_vector_spacing == 0x0) || (SIZEOF (.vector_23) <= (_vector_spacing << 0x5))), function at exception vector 23 too large)

.vector_24      0x9d006500        0x0
 *(.vector_24)
                0x00000001                ASSERT (((_vector_spacing == 0x0) || (SIZEOF (.vector_24) <= (_vector_spacing << 0x5))), function at exception vector 24 too large)

.vector_25      0x9d006520        0x0
 *(.vector_25)
                0x00000001                ASSERT (((_vector_spacing == 0x0) || (SIZEOF (.vector_25) <= (_vector_spacing << 0x5))), function at exception vector 25 too large)

.vector_26      0x9d006540        0x0
 *(.vector_26)
                0x00000001                ASSERT (((_vector_spacing == 0x0) || (SIZEOF (.vector_26) <= (_vector_spacing << 0x5))), function at exception vector 26 too large)

.vector_27      0x9d006560        0x0
 *(.vector_27)
                0x00000001                ASSERT (((_vector_spacing == 0x0) || (SIZEOF (.vector_27) <= (_vector_spacing << 0x5))), function at exception vector 27 too large)

.vector_28      0x9d006580        0x0
 *(.vector_28)
                0x00000001                ASSERT (((_vector_spacing == 0x0) || (SIZEOF (.vector_28) <= (_vector_spacing << 0x5))), function at exception vector 28 too large)

.vector_29      0x9d0065a0        0x0
 *(.vector_29)
                0x00000001                ASSERT (((_vector_spacing == 0x0) || (SIZEOF (.vector_29) <= (_vector_spacing << 0x5))), function at exception vector 29 too large)

.vector_30      0x9d0065c0        0x0
 *(.vector_30)
                0x00000001                ASSERT (((_vector_spacing == 0x0) || (SIZEOF (.vector_30) <= (_vector_spacing << 0x5))), function at exception vector 30 too large)

.vector_31      0x9d0065e0        0x0
 *(.vector_31)
                0x00000001                ASSERT (((_vector_spacing == 0x0) || (SIZEOF (.vector_31) <= (_vector_spacing << 0x5))), function at exception vector 31 too large)

.vector_32      0x9d006600        0x0
 *(.vector_32)
                0x00000001                ASSERT (((_vector_spacing == 0x0) || (SIZEOF (.vector_32) <= (_vector_spacing << 0x5))), function at exception vector 32 too large)

.vector_33      0x9d006620        0x0
 *(.vector_33)
                0x00000001                ASSERT (((_vector_spacing == 0x0) || (SIZEOF (.vector_33) <= (_vector_spacing << 0x5))), function at exception vector 33 too large)

.vector_34      0x9d006640        0x0
 *(.vector_34)
                0x00000001                ASSERT (((_vector_spacing == 0x0) || (SIZEOF (.vector_34) <= (_vector_spacing << 0x5))), function at exception vector 34 too large)

.vector_35      0x9d006660        0x0
 *(.vector_35)
                0x00000001                ASSERT (((_vector_spacing == 0x0) || (SIZEOF (.vector_35) <= (_vector_spacing << 0x5))), function at exception vector 35 too large)

.vector_36      0x9d006680        0x0
 *(.vector_36)
                0x00000001                ASSERT (((_vector_spacing == 0x0) || (SIZEOF (.vector_36) <= (_vector_spacing << 0x5))), function at exception vector 36 too large)

.vector_37      0x9d0066a0        0x0
 *(.vector_37)
                0x00000001                ASSERT (((_vector_spacing == 0x0) || (SIZEOF (.vector_37) <= (_vector_spacing << 0x5))), function at exception vector 37 too large)

.vector_38      0x9d0066c0        0x0
 *(.vector_38)
                0x00000001                ASSERT (((_vector_spacing == 0x0) || (SIZEOF (.vector_38) <= (_vector_spacing << 0x5))), function at exception vector 38 too large)

.vector_39      0x9d0066e0        0x0
 *(.vector_39)
                0x00000001                ASSERT (((_vector_spacing == 0x0) || (SIZEOF (.vector_39) <= (_vector_spacing << 0x5))), function at exception vector 39 too large)

.vector_40      0x9d006700        0x0
 *(.vector_40)
                0x00000001                ASSERT (((_vector_spacing == 0x0) || (SIZEOF (.vector_40) <= (_vector_spacing << 0x5))), function at exception vector 40 too large)

.vector_41      0x9d006720        0x0
 *(.vector_41)
                0x00000001                ASSERT (((_vector_spacing == 0x0) || (SIZEOF (.vector_41) <= (_vector_spacing << 0x5))), function at exception vector 41 too large)

.vector_42      0x9d006740        0x0
 *(.vector_42)
                0x00000001                ASSERT (((_vector_spacing == 0x0) || (SIZEOF (.vector_42) <= (_vector_spacing << 0x5))), function at exception vector 42 too large)

.vector_43      0x9d006760        0x0
 *(.vector_43)
                0x00000001                ASSERT (((_vector_spacing == 0x0) || (SIZEOF (.vector_43) <= (_vector_spacing << 0x5))), function at exception vector 43 too large)

.vector_44      0x9d006780        0x0
 *(.vector_44)
                0x00000001                ASSERT (((_vector_spacing == 0x0) || (SIZEOF (.vector_44) <= (_vector_spacing << 0x5))), function at exception vector 44 too large)

.vector_45      0x9d0067a0        0x0
 *(.vector_45)
                0x00000001                ASSERT (((_vector_spacing == 0x0) || (SIZEOF (.vector_45) <= (_vector_spacing << 0x5))), function at exception vector 45 too large)

.vector_46      0x9d0067c0        0x0
 *(.vector_46)
                0x00000001                ASSERT (((_vector_spacing == 0x0) || (SIZEOF (.vector_46) <= (_vector_spacing << 0x5))), function at exception vector 46 too large)

.vector_47      0x9d0067e0        0x0
 *(.vector_47)
                0x00000001                ASSERT (((_vector_spacing == 0x0) || (SIZEOF (.vector_47) <= (_vector_spacing << 0x5))), function at exception vector 47 too large)

.vector_48      0x9d006800        0x0
 *(.vector_48)
                0x00000001                ASSERT (((_vector_spacing == 0x0) || (SIZEOF (.vector_48) <= (_vector_spacing << 0x5))), function at exception vector 48 too large)

.vector_49      0x9d006820        0x0
 *(.vector_49)
                0x00000001                ASSERT (((_vector_spacing == 0x0) || (SIZEOF (.vector_49) <= (_vector_spacing << 0x5))), function at exception vector 49 too large)

.vector_50      0x9d006840        0x0
 *(.vector_50)
                0x00000001                ASSERT (((_vector_spacing == 0x0) || (SIZEOF (.vector_50) <= (_vector_spacing << 0x5))), function at exception vector 50 too large)

.vector_51      0x9d006860        0x0
 *(.vector_51)
                0x00000001                ASSERT (((_vector_spacing == 0x0) || (SIZEOF (.vector_51) <= (_vector_spacing << 0x5))), function at exception vector 51 too large)

.vector_52      0x9d006880        0x0
 *(.vector_52)
                0x00000001                ASSERT (((_vector_spacing == 0x0) || (SIZEOF (.vector_52) <= (_vector_spacing << 0x5))), function at exception vector 52 too large)

.vector_53      0x9d0068a0        0x0
 *(.vector_53)
                0x00000001                ASSERT (((_vector_spacing == 0x0) || (SIZEOF (.vector_53) <= (_vector_spacing << 0x5))), function at exception vector 53 too large)

.vector_54      0x9d0068c0        0x0
 *(.vector_54)
                0x00000001                ASSERT (((_vector_spacing == 0x0) || (SIZEOF (.vector_54) <= (_vector_spacing << 0x5))), function at exception vector 54 too large)

.vector_55      0x9d0068e0        0x0
 *(.vector_55)
                0x00000001                ASSERT (((_vector_spacing == 0x0) || (SIZEOF (.vector_55) <= (_vector_spacing << 0x5))), function at exception vector 55 too large)

.vector_56      0x9d006900        0x0
 *(.vector_56)
                0x00000001                ASSERT (((_vector_spacing == 0x0) || (SIZEOF (.vector_56) <= (_vector_spacing << 0x5))), function at exception vector 56 too large)

.vector_57      0x9d006920        0x0
 *(.vector_57)
                0x00000001                ASSERT (((_vector_spacing == 0x0) || (SIZEOF (.vector_57) <= (_vector_spacing << 0x5))), function at exception vector 57 too large)

.vector_58      0x9d006940        0x0
 *(.vector_58)
                0x00000001                ASSERT (((_vector_spacing == 0x0) || (SIZEOF (.vector_58) <= (_vector_spacing << 0x5))), function at exception vector 58 too large)

.vector_59      0x9d006960        0x0
 *(.vector_59)
                0x00000001                ASSERT (((_vector_spacing == 0x0) || (SIZEOF (.vector_59) <= (_vector_spacing << 0x5))), function at exception vector 59 too large)

.vector_60      0x9d006980        0x0
 *(.vector_60)
                0x00000001                ASSERT (((_vector_spacing == 0x0) || (SIZEOF (.vector_60) <= (_vector_spacing << 0x5))), function at exception vector 60 too large)

.vector_61      0x9d0069a0        0x0
 *(.vector_61)
                0x00000001                ASSERT (((_vector_spacing == 0x0) || (SIZEOF (.vector_61) <= (_vector_spacing << 0x5))), function at exception vector 61 too large)

.vector_62      0x9d0069c0        0x0
 *(.vector_62)
                0x00000001                ASSERT (((_vector_spacing == 0x0) || (SIZEOF (.vector_62) <= (_vector_spacing << 0x5))), function at exception vector 62 too large)

.vector_63      0x9d0069e0        0x0
 *(.vector_63)
                0x00000001                ASSERT (((_vector_spacing == 0x0) || (SIZEOF (.vector_63) <= (_vector_spacing << 0x5))), function at exception vector 63 too large)

.startup
 *(.startup)

.text           0x9d007490        0x0
 *(.stub .gnu.linkonce.t.*)
 *(.text.*personality*)
 *(.mips16.fn.*)
 *(.mips16.call.*)
 *(.gnu.warning)
                0x9d007490                . = ALIGN (0x4)

.init           0x9d007490        0x0
 *crti.o(.init)
 *crtbegin.o(.init)
 *(EXCLUDE_FILE(*crtn.o *crtend?.o *crtend.o) .init)
 *crtend.o(.init)
 *crtn.o(.init)
                0x9d007490                . = ALIGN (0x4)

.fini           0x9d007490        0x0
 *(.fini)
                0x9d007490                . = ALIGN (0x4)

.preinit_array  0x9d007490        0x0
                0x9d007490                PROVIDE (__preinit_array_start, .)
 *(.preinit_array)
                0x9d007490                PROVIDE (__preinit_array_end, .)
                0x9d007490                . = ALIGN (0x4)

.init_array     0x9d007490        0x0
                0x9d007490                PROVIDE (__init_array_start, .)
 *(SORT(.init_array.*))
 *(.init_array)
                0x9d007490                PROVIDE (__init_array_end, .)
                0x9d007490                . = ALIGN (0x4)

.fini_array     0x9d007490        0x0
                0x9d007490                PROVIDE (__fini_array_start, .)
 *(SORT(.fini_array.*))
 *(.fini_array)
                0x9d007490                PROVIDE (__fini_array_end, .)
                0x9d007490                . = ALIGN (0x4)

.ctors          0x9d007490        0x0
 *crtbegin.o(.ctors)
 *crtbegin?.o(.ctors)
 *(EXCLUDE_FILE(*crtend?.o *crtend.o) .ctors)
 *(SORT(.ctors.*))
 *(.ctors)
                0x9d007490                . = ALIGN (0x4)

.dtors          0x9d007490        0x0
 *crtbegin.o(.dtors)
 *crtbegin?.o(.dtors)
 *(EXCLUDE_FILE(*crtend?.o *crtend.o) .dtors)
 *(SORT(.dtors.*))
 *(.dtors)
                0x9d007490                . = ALIGN (0x4)

.rodata         0x9d007490        0x0
 *(.gnu.linkonce.r.*)
 *(.rodata1)
                0x9d007490                . = ALIGN (0x4)

.sdata2         0x9d006000        0x0
 *(.sdata2 .sdata2.* .gnu.linkonce.s2.*)
                0x9d006000                . = ALIGN (0x4)

.sbss2          0x9d006000        0x0
 *(.sbss2 .sbss2.* .gnu.linkonce.sb2.*)
                0x9d006000                . = ALIGN (0x4)

.eh_frame_hdr
 *(.eh_frame_hdr)
                0x9d006000                . = ALIGN (0x4)

.eh_frame
 *(.eh_frame)
                0x9d006000                . = ALIGN (0x4)

.gcc_except_table
 *(.gcc_except_table .gcc_except_table.*)
                0x9d006000                . = ALIGN (0x4)

.dbg_data       0xa0000000        0x0
                0xa0000000                . = (. + DEFINED (_DEBUGGER)?0x200:0x0)

.jcr            0xa0000000        0x0
 *(.jcr)
                0xa0000000                . = ALIGN (0x4)

.eh_frame
 *(.eh_frame)
                0xa0000000                . = ALIGN (0x4)

.gcc_except_table
 *(.gcc_except_table .gcc_except_table.*)
                0xa0000000                . = ALIGN (0x4)

.persist        0xa0000000        0x0
                0xa0000000                _persist_begin = .
 *(.persist .persist.*)
 *(.pbss .pbss.*)
                0xa0000000                . = ALIGN (0x4)
                0xa0000000                _persist_end = .

.data           0xa0000000        0x0
 *(.gnu.linkonce.d.*)
 *(.data1)
                0xa0000000                . = ALIGN (0x4)
                0xa0000000                . = .
                0xa0007ff0                _gp = (ALIGN (0x10) + 0x7ff0)

.got            0xa0000000        0x0
 *(.got.plt)
 *(.got)
                0xa0000000                . = ALIGN (0x4)

.sdata          0xa0000000        0x0
                0xa0000000                _sdata_begin = .
 *(.sdata .sdata.* .gnu.linkonce.s.*)
                0xa0000000                . = ALIGN (0x4)
                0xa0000000                _sdata_end = .

.lit8
 *(.lit8)

.lit4
 *(.lit4)
                0xa0000000                . = ALIGN (0x4)
                0xa0000000                _data_end = .
                0xa0000000                _bss_begin = .

.sbss           0xa0000000        0x0
                0xa0000000                _sbss_begin = .
 *(.dynsbss)
 *(.sbss .sbss.* .gnu.linkonce.sb.*)
 *(.scommon)
                0xa0000000                _sbss_end = .
                0xa0000000                . = ALIGN (0x4)

.bss            0xa0000000        0x0
 *(.dynbss)
 *(COMMON)
                0xa0000000                . = ALIGN ((. != 0x0)?0x4:0x1)
                0xa0000000                . = ALIGN (0x4)
                0xa0000000                _end = .
                0xa0000000                _bss_end = .
                0x00020000                _bmxdudba_address = 0x20000
                0x00020000                _bmxdupba_address = 0x20000

/DISCARD/
 *(.pdr)
 *(.rel.dyn)
 *(.note.GNU-stack)
 *(.note.GNU-stack)
 *(.gnu_debuglink)
 *(.gnu.lto_*)
 *(.discard)
 *(._debug_exception)

.gptab.sdata
 *(.gptab.data)
 *(.gptab.sdata)

.gptab.sbss
 *(.gptab.bss)
 *(.gptab.sbss)

.mdebug.abi32   0xa0000000        0x0
 *(.mdebug.abi32)
 .mdebug.abi32  0xa0000000        0x0 build/default/production/_ext/1472/main.o
 .mdebug.abi32  0xa0000000        0x0 c:/program files (x86)/microchip/xc32/v1.31/bin/../lib/gcc/pic32mx/4.5.2/../../../../pic32mx/lib\libmchp_peripheral.a(open_core_timer_lib.o)
 .mdebug.abi32  0xa0000000        0x0 c:/program files (x86)/microchip/xc32/v1.31/bin/../lib/gcc/pic32mx/4.5.2/../../../../pic32mx/lib\libmchp_peripheral.a(update_core_timer_lib.o)
 .mdebug.abi32  0xa0000000        0x0 c:/program files (x86)/microchip/xc32/v1.31/bin/../lib/gcc/pic32mx/4.5.2/../../../../pic32mx/lib\libmchp_peripheral.a(read_core_timer_lib.o)
 .mdebug.abi32  0xa0000000        0x0 c:/program files (x86)/microchip/xc32/v1.31/bin/../lib/gcc/pic32mx/4.5.2/../../../../pic32mx/lib\libmchp_peripheral_32MX795F512L.a(pcache.o)
 .mdebug.abi32  0xa0000000        0x0 c:/program files (x86)/microchip/xc32/v1.31/bin/../lib/gcc/pic32mx/4.5.2/../../../../pic32mx/lib\libmchp_peripheral_32MX795F512L.a(int_disable_interrupts_lib.o)
 .mdebug.abi32  0xa0000000        0x0 c:/program files (x86)/microchip/xc32/v1.31/bin/../lib/gcc/pic32mx/4.5.2/../../../../pic32mx/lib\libmchp_peripheral_32MX795F512L.a(int_restore_interrupts_lib.o)
 .mdebug.abi32  0xa0000000        0x0 c:/program files (x86)/microchip/xc32/v1.31/bin/../lib/gcc/pic32mx/4.5.2/../../../../pic32mx/lib\libmchp_peripheral_32MX795F512L.a(int_enable_mv_int_lib.o)
 .mdebug.abi32  0xa0000000        0x0 c:/program files (x86)/microchip/xc32/v1.31/bin/../lib/gcc/pic32mx/4.5.2/../../../../pic32mx/lib\libmchp_peripheral_32MX795F512L.a(int_enable_interrupts_lib.o)
 .mdebug.abi32  0xa0000000        0x0 c:/program files (x86)/microchip/xc32/v1.31/bin/../lib/gcc/pic32mx/4.5.2/../../../../pic32mx/lib\libpic32.a(default-bootstrap-exception-handler.o)
 .mdebug.abi32  0xa0000000        0x0 c:/program files (x86)/microchip/xc32/v1.31/bin/../lib/gcc/pic32mx/4.5.2/../../../../pic32mx/lib\libpic32.a(default-on-reset.o)
 .mdebug.abi32  0xa0000000        0x0 c:/program files (x86)/microchip/xc32/v1.31/bin/../lib/gcc/pic32mx/4.5.2/../../../../pic32mx/lib\libpic32.a(default-on-bootstrap.o)
 .mdebug.abi32  0xa0000000        0x0 c:/program files (x86)/microchip/xc32/v1.31/bin/../lib/gcc/pic32mx/4.5.2/../../../../pic32mx/lib\libpic32.a(default-general-exception-handler.o)

.mdebug.abiN32
 *(.mdebug.abiN32)

.mdebug.abi64
 *(.mdebug.abi64)

.mdebug.abiO64
 *(.mdebug.abiO64)

.mdebug.eabi32
 *(.mdebug.eabi32)

.mdebug.eabi64
 *(.mdebug.eabi64)

.gcc_compiled_long32
 *(.gcc_compiled_long32)

.gcc_compiled_long64
 *(.gcc_compiled_long64)

.stab
 *(.stab)

.stabstr
 *(.stabstr)

.stab.excl
 *(.stab.excl)

.stab.exclstr
 *(.stab.exclstr)

.stab.index
 *(.stab.index)

.stab.indexstr
 *(.stab.indexstr)

.comment        0x00000000       0xb4
 *(.comment)
 .comment       0x00000000       0x3c build/default/production/_ext/1472/main.o
                                 0x3d (size before relaxing)
 .comment       0x0000003c       0x3c c:/program files (x86)/microchip/xc32/v1.31/bin/../lib/gcc/pic32mx/4.5.2/../../../../pic32mx/lib\libmchp_peripheral.a(open_core_timer_lib.o)
                                 0x3d (size before relaxing)
 .comment       0x00000000       0x3d c:/program files (x86)/microchip/xc32/v1.31/bin/../lib/gcc/pic32mx/4.5.2/../../../../pic32mx/lib\libmchp_peripheral.a(update_core_timer_lib.o)
 .comment       0x00000000       0x3d c:/program files (x86)/microchip/xc32/v1.31/bin/../lib/gcc/pic32mx/4.5.2/../../../../pic32mx/lib\libmchp_peripheral.a(read_core_timer_lib.o)
 .comment       0x00000000       0x3d c:/program files (x86)/microchip/xc32/v1.31/bin/../lib/gcc/pic32mx/4.5.2/../../../../pic32mx/lib\libmchp_peripheral_32MX795F512L.a(pcache.o)
 .comment       0x00000000       0x3d c:/program files (x86)/microchip/xc32/v1.31/bin/../lib/gcc/pic32mx/4.5.2/../../../../pic32mx/lib\libmchp_peripheral_32MX795F512L.a(int_disable_interrupts_lib.o)
 .comment       0x00000000       0x3d c:/program files (x86)/microchip/xc32/v1.31/bin/../lib/gcc/pic32mx/4.5.2/../../../../pic32mx/lib\libmchp_peripheral_32MX795F512L.a(int_restore_interrupts_lib.o)
 .comment       0x00000000       0x3d c:/program files (x86)/microchip/xc32/v1.31/bin/../lib/gcc/pic32mx/4.5.2/../../../../pic32mx/lib\libmchp_peripheral_32MX795F512L.a(int_enable_mv_int_lib.o)
 .comment       0x00000000       0x3d c:/program files (x86)/microchip/xc32/v1.31/bin/../lib/gcc/pic32mx/4.5.2/../../../../pic32mx/lib\libmchp_peripheral_32MX795F512L.a(int_enable_interrupts_lib.o)
 .comment       0x00000078       0x3c c:/program files (x86)/microchip/xc32/v1.31/bin/../lib/gcc/pic32mx/4.5.2/../../../../pic32mx/lib\libpic32.a(default-bootstrap-exception-handler.o)
                                 0x3d (size before relaxing)
 .comment       0x00000000       0x3d c:/program files (x86)/microchip/xc32/v1.31/bin/../lib/gcc/pic32mx/4.5.2/../../../../pic32mx/lib\libpic32.a(default-on-reset.o)
 .comment       0x00000000       0x3d c:/program files (x86)/microchip/xc32/v1.31/bin/../lib/gcc/pic32mx/4.5.2/../../../../pic32mx/lib\libpic32.a(default-on-bootstrap.o)
 .comment       0x00000000       0x3d c:/program files (x86)/microchip/xc32/v1.31/bin/../lib/gcc/pic32mx/4.5.2/../../../../pic32mx/lib\libpic32.a(default-general-exception-handler.o)

.debug
 *(.debug)

.line
 *(.line)

.debug_srcinfo
 *(.debug_srcinfo)

.debug_sfnames
 *(.debug_sfnames)

.debug_aranges  0x00000000      0x1a8
 *(.debug_aranges)
 .debug_aranges
                0x00000000       0x20 build/default/production/_ext/1472/main.o
 .debug_aranges
                0x00000020       0x20 c:/program files (x86)/microchip/xc32/v1.31/bin/../lib/gcc/pic32mx/4.5.2/../../../../pic32mx/lib\libmchp_peripheral.a(open_core_timer_lib.o)
 .debug_aranges
                0x00000040       0x20 c:/program files (x86)/microchip/xc32/v1.31/bin/../lib/gcc/pic32mx/4.5.2/../../../../pic32mx/lib\libmchp_peripheral.a(update_core_timer_lib.o)
 .debug_aranges
                0x00000060       0x20 c:/program files (x86)/microchip/xc32/v1.31/bin/../lib/gcc/pic32mx/4.5.2/../../../../pic32mx/lib\libmchp_peripheral.a(read_core_timer_lib.o)
 .debug_aranges
                0x00000080       0x28 c:/program files (x86)/microchip/xc32/v1.31/bin/../lib/gcc/pic32mx/4.5.2/../../../../pic32mx/lib\libmchp_peripheral_32MX795F512L.a(pcache.o)
 .debug_aranges
                0x000000a8       0x20 c:/program files (x86)/microchip/xc32/v1.31/bin/../lib/gcc/pic32mx/4.5.2/../../../../pic32mx/lib\libmchp_peripheral_32MX795F512L.a(int_disable_interrupts_lib.o)
 .debug_aranges
                0x000000c8       0x20 c:/program files (x86)/microchip/xc32/v1.31/bin/../lib/gcc/pic32mx/4.5.2/../../../../pic32mx/lib\libmchp_peripheral_32MX795F512L.a(int_restore_interrupts_lib.o)
 .debug_aranges
                0x000000e8       0x20 c:/program files (x86)/microchip/xc32/v1.31/bin/../lib/gcc/pic32mx/4.5.2/../../../../pic32mx/lib\libmchp_peripheral_32MX795F512L.a(int_enable_mv_int_lib.o)
 .debug_aranges
                0x00000108       0x20 c:/program files (x86)/microchip/xc32/v1.31/bin/../lib/gcc/pic32mx/4.5.2/../../../../pic32mx/lib\libmchp_peripheral_32MX795F512L.a(int_enable_interrupts_lib.o)
 .debug_aranges
                0x00000128       0x20 c:/program files (x86)/microchip/xc32/v1.31/bin/../lib/gcc/pic32mx/4.5.2/../../../../pic32mx/lib\libpic32.a(default-bootstrap-exception-handler.o)
 .debug_aranges
                0x00000148       0x20 c:/program files (x86)/microchip/xc32/v1.31/bin/../lib/gcc/pic32mx/4.5.2/../../../../pic32mx/lib\libpic32.a(default-on-reset.o)
 .debug_aranges
                0x00000168       0x20 c:/program files (x86)/microchip/xc32/v1.31/bin/../lib/gcc/pic32mx/4.5.2/../../../../pic32mx/lib\libpic32.a(default-on-bootstrap.o)
 .debug_aranges
                0x00000188       0x20 c:/program files (x86)/microchip/xc32/v1.31/bin/../lib/gcc/pic32mx/4.5.2/../../../../pic32mx/lib\libpic32.a(default-general-exception-handler.o)

.debug_pubnames
                0x00000000      0x237
 *(.debug_pubnames)
 .debug_pubnames
                0x00000000       0x30 build/default/production/_ext/1472/main.o
 .debug_pubnames
                0x00000030       0x24 c:/program files (x86)/microchip/xc32/v1.31/bin/../lib/gcc/pic32mx/4.5.2/../../../../pic32mx/lib\libmchp_peripheral.a(open_core_timer_lib.o)
 .debug_pubnames
                0x00000054       0x26 c:/program files (x86)/microchip/xc32/v1.31/bin/../lib/gcc/pic32mx/4.5.2/../../../../pic32mx/lib\libmchp_peripheral.a(update_core_timer_lib.o)
 .debug_pubnames
                0x0000007a       0x24 c:/program files (x86)/microchip/xc32/v1.31/bin/../lib/gcc/pic32mx/4.5.2/../../../../pic32mx/lib\libmchp_peripheral.a(read_core_timer_lib.o)
 .debug_pubnames
                0x0000009e       0x3b c:/program files (x86)/microchip/xc32/v1.31/bin/../lib/gcc/pic32mx/4.5.2/../../../../pic32mx/lib\libmchp_peripheral_32MX795F512L.a(pcache.o)
 .debug_pubnames
                0x000000d9       0x2b c:/program files (x86)/microchip/xc32/v1.31/bin/../lib/gcc/pic32mx/4.5.2/../../../../pic32mx/lib\libmchp_peripheral_32MX795F512L.a(int_disable_interrupts_lib.o)
 .debug_pubnames
                0x00000104       0x2b c:/program files (x86)/microchip/xc32/v1.31/bin/../lib/gcc/pic32mx/4.5.2/../../../../pic32mx/lib\libmchp_peripheral_32MX795F512L.a(int_restore_interrupts_lib.o)
 .debug_pubnames
                0x0000012f       0x36 c:/program files (x86)/microchip/xc32/v1.31/bin/../lib/gcc/pic32mx/4.5.2/../../../../pic32mx/lib\libmchp_peripheral_32MX795F512L.a(int_enable_mv_int_lib.o)
 .debug_pubnames
                0x00000165       0x2a c:/program files (x86)/microchip/xc32/v1.31/bin/../lib/gcc/pic32mx/4.5.2/../../../../pic32mx/lib\libmchp_peripheral_32MX795F512L.a(int_enable_interrupts_lib.o)
 .debug_pubnames
                0x0000018f       0x33 c:/program files (x86)/microchip/xc32/v1.31/bin/../lib/gcc/pic32mx/4.5.2/../../../../pic32mx/lib\libpic32.a(default-bootstrap-exception-handler.o)
 .debug_pubnames
                0x000001c2       0x20 c:/program files (x86)/microchip/xc32/v1.31/bin/../lib/gcc/pic32mx/4.5.2/../../../../pic32mx/lib\libpic32.a(default-on-reset.o)
 .debug_pubnames
                0x000001e2       0x24 c:/program files (x86)/microchip/xc32/v1.31/bin/../lib/gcc/pic32mx/4.5.2/../../../../pic32mx/lib\libpic32.a(default-on-bootstrap.o)
 .debug_pubnames
                0x00000206       0x31 c:/program files (x86)/microchip/xc32/v1.31/bin/../lib/gcc/pic32mx/4.5.2/../../../../pic32mx/lib\libpic32.a(default-general-exception-handler.o)

.debug_info     0x00000000     0x2026
 *(.debug_info .gnu.linkonce.wi.*)
 .debug_info    0x00000000     0x1759 build/default/production/_ext/1472/main.o
 .debug_info    0x00001759       0xaa c:/program files (x86)/microchip/xc32/v1.31/bin/../lib/gcc/pic32mx/4.5.2/../../../../pic32mx/lib\libmchp_peripheral.a(open_core_timer_lib.o)
 .debug_info    0x00001803       0xae c:/program files (x86)/microchip/xc32/v1.31/bin/../lib/gcc/pic32mx/4.5.2/../../../../pic32mx/lib\libmchp_peripheral.a(update_core_timer_lib.o)
 .debug_info    0x000018b1       0xaa c:/program files (x86)/microchip/xc32/v1.31/bin/../lib/gcc/pic32mx/4.5.2/../../../../pic32mx/lib\libmchp_peripheral.a(read_core_timer_lib.o)
 .debug_info    0x0000195b       0xbf c:/program files (x86)/microchip/xc32/v1.31/bin/../lib/gcc/pic32mx/4.5.2/../../../../pic32mx/lib\libmchp_peripheral_32MX795F512L.a(pcache.o)
 .debug_info    0x00001a1a       0xb6 c:/program files (x86)/microchip/xc32/v1.31/bin/../lib/gcc/pic32mx/4.5.2/../../../../pic32mx/lib\libmchp_peripheral_32MX795F512L.a(int_disable_interrupts_lib.o)
 .debug_info    0x00001ad0       0xb6 c:/program files (x86)/microchip/xc32/v1.31/bin/../lib/gcc/pic32mx/4.5.2/../../../../pic32mx/lib\libmchp_peripheral_32MX795F512L.a(int_restore_interrupts_lib.o)
 .debug_info    0x00001b86       0xbc c:/program files (x86)/microchip/xc32/v1.31/bin/../lib/gcc/pic32mx/4.5.2/../../../../pic32mx/lib\libmchp_peripheral_32MX795F512L.a(int_enable_mv_int_lib.o)
 .debug_info    0x00001c42       0xb4 c:/program files (x86)/microchip/xc32/v1.31/bin/../lib/gcc/pic32mx/4.5.2/../../../../pic32mx/lib\libmchp_peripheral_32MX795F512L.a(int_enable_interrupts_lib.o)
 .debug_info    0x00001cf6       0xde c:/program files (x86)/microchip/xc32/v1.31/bin/../lib/gcc/pic32mx/4.5.2/../../../../pic32mx/lib\libpic32.a(default-bootstrap-exception-handler.o)
 .debug_info    0x00001dd4       0xb8 c:/program files (x86)/microchip/xc32/v1.31/bin/../lib/gcc/pic32mx/4.5.2/../../../../pic32mx/lib\libpic32.a(default-on-reset.o)
 .debug_info    0x00001e8c       0xc0 c:/program files (x86)/microchip/xc32/v1.31/bin/../lib/gcc/pic32mx/4.5.2/../../../../pic32mx/lib\libpic32.a(default-on-bootstrap.o)
 .debug_info    0x00001f4c       0xda c:/program files (x86)/microchip/xc32/v1.31/bin/../lib/gcc/pic32mx/4.5.2/../../../../pic32mx/lib\libpic32.a(default-general-exception-handler.o)

.debug_abbrev   0x00000000      0x433
 *(.debug_abbrev)
 .debug_abbrev  0x00000000      0x27f build/default/production/_ext/1472/main.o
 .debug_abbrev  0x0000027f       0x25 c:/program files (x86)/microchip/xc32/v1.31/bin/../lib/gcc/pic32mx/4.5.2/../../../../pic32mx/lib\libmchp_peripheral.a(open_core_timer_lib.o)
 .debug_abbrev  0x000002a4       0x25 c:/program files (x86)/microchip/xc32/v1.31/bin/../lib/gcc/pic32mx/4.5.2/../../../../pic32mx/lib\libmchp_peripheral.a(update_core_timer_lib.o)
 .debug_abbrev  0x000002c9       0x25 c:/program files (x86)/microchip/xc32/v1.31/bin/../lib/gcc/pic32mx/4.5.2/../../../../pic32mx/lib\libmchp_peripheral.a(read_core_timer_lib.o)
 .debug_abbrev  0x000002ee       0x25 c:/program files (x86)/microchip/xc32/v1.31/bin/../lib/gcc/pic32mx/4.5.2/../../../../pic32mx/lib\libmchp_peripheral_32MX795F512L.a(pcache.o)
 .debug_abbrev  0x00000313       0x25 c:/program files (x86)/microchip/xc32/v1.31/bin/../lib/gcc/pic32mx/4.5.2/../../../../pic32mx/lib\libmchp_peripheral_32MX795F512L.a(int_disable_interrupts_lib.o)
 .debug_abbrev  0x00000338       0x25 c:/program files (x86)/microchip/xc32/v1.31/bin/../lib/gcc/pic32mx/4.5.2/../../../../pic32mx/lib\libmchp_peripheral_32MX795F512L.a(int_restore_interrupts_lib.o)
 .debug_abbrev  0x0000035d       0x25 c:/program files (x86)/microchip/xc32/v1.31/bin/../lib/gcc/pic32mx/4.5.2/../../../../pic32mx/lib\libmchp_peripheral_32MX795F512L.a(int_enable_mv_int_lib.o)
 .debug_abbrev  0x00000382       0x25 c:/program files (x86)/microchip/xc32/v1.31/bin/../lib/gcc/pic32mx/4.5.2/../../../../pic32mx/lib\libmchp_peripheral_32MX795F512L.a(int_enable_interrupts_lib.o)
 .debug_abbrev  0x000003a7       0x23 c:/program files (x86)/microchip/xc32/v1.31/bin/../lib/gcc/pic32mx/4.5.2/../../../../pic32mx/lib\libpic32.a(default-bootstrap-exception-handler.o)
 .debug_abbrev  0x000003ca       0x23 c:/program files (x86)/microchip/xc32/v1.31/bin/../lib/gcc/pic32mx/4.5.2/../../../../pic32mx/lib\libpic32.a(default-on-reset.o)
 .debug_abbrev  0x000003ed       0x23 c:/program files (x86)/microchip/xc32/v1.31/bin/../lib/gcc/pic32mx/4.5.2/../../../../pic32mx/lib\libpic32.a(default-on-bootstrap.o)
 .debug_abbrev  0x00000410       0x23 c:/program files (x86)/microchip/xc32/v1.31/bin/../lib/gcc/pic32mx/4.5.2/../../../../pic32mx/lib\libpic32.a(default-general-exception-handler.o)

.debug_line     0x00000000      0x7d8
 *(.debug_line)
 .debug_line    0x00000000      0x22c build/default/production/_ext/1472/main.o
 .debug_line    0x0000022c       0x6e c:/program files (x86)/microchip/xc32/v1.31/bin/../lib/gcc/pic32mx/4.5.2/../../../../pic32mx/lib\libmchp_peripheral.a(open_core_timer_lib.o)
 .debug_line    0x0000029a       0x70 c:/program files (x86)/microchip/xc32/v1.31/bin/../lib/gcc/pic32mx/4.5.2/../../../../pic32mx/lib\libmchp_peripheral.a(update_core_timer_lib.o)
 .debug_line    0x0000030a       0x6e c:/program files (x86)/microchip/xc32/v1.31/bin/../lib/gcc/pic32mx/4.5.2/../../../../pic32mx/lib\libmchp_peripheral.a(read_core_timer_lib.o)
 .debug_line    0x00000378       0x62 c:/program files (x86)/microchip/xc32/v1.31/bin/../lib/gcc/pic32mx/4.5.2/../../../../pic32mx/lib\libmchp_peripheral_32MX795F512L.a(pcache.o)
 .debug_line    0x000003da       0x73 c:/program files (x86)/microchip/xc32/v1.31/bin/../lib/gcc/pic32mx/4.5.2/../../../../pic32mx/lib\libmchp_peripheral_32MX795F512L.a(int_disable_interrupts_lib.o)
 .debug_line    0x0000044d       0x73 c:/program files (x86)/microchip/xc32/v1.31/bin/../lib/gcc/pic32mx/4.5.2/../../../../pic32mx/lib\libmchp_peripheral_32MX795F512L.a(int_restore_interrupts_lib.o)
 .debug_line    0x000004c0       0x6e c:/program files (x86)/microchip/xc32/v1.31/bin/../lib/gcc/pic32mx/4.5.2/../../../../pic32mx/lib\libmchp_peripheral_32MX795F512L.a(int_enable_mv_int_lib.o)
 .debug_line    0x0000052e       0x72 c:/program files (x86)/microchip/xc32/v1.31/bin/../lib/gcc/pic32mx/4.5.2/../../../../pic32mx/lib\libmchp_peripheral_32MX795F512L.a(int_enable_interrupts_lib.o)
 .debug_line    0x000005a0       0x97 c:/program files (x86)/microchip/xc32/v1.31/bin/../lib/gcc/pic32mx/4.5.2/../../../../pic32mx/lib\libpic32.a(default-bootstrap-exception-handler.o)
 .debug_line    0x00000637       0x84 c:/program files (x86)/microchip/xc32/v1.31/bin/../lib/gcc/pic32mx/4.5.2/../../../../pic32mx/lib\libpic32.a(default-on-reset.o)
 .debug_line    0x000006bb       0x88 c:/program files (x86)/microchip/xc32/v1.31/bin/../lib/gcc/pic32mx/4.5.2/../../../../pic32mx/lib\libpic32.a(default-on-bootstrap.o)
 .debug_line    0x00000743       0x95 c:/program files (x86)/microchip/xc32/v1.31/bin/../lib/gcc/pic32mx/4.5.2/../../../../pic32mx/lib\libpic32.a(default-general-exception-handler.o)

.debug_frame    0x00000000      0x218
 *(.debug_frame)
 .debug_frame   0x00000000       0x70 build/default/production/_ext/1472/main.o
 .debug_frame   0x00000070       0x20 c:/program files (x86)/microchip/xc32/v1.31/bin/../lib/gcc/pic32mx/4.5.2/../../../../pic32mx/lib\libmchp_peripheral.a(open_core_timer_lib.o)
 .debug_frame   0x00000090       0x20 c:/program files (x86)/microchip/xc32/v1.31/bin/../lib/gcc/pic32mx/4.5.2/../../../../pic32mx/lib\libmchp_peripheral.a(update_core_timer_lib.o)
 .debug_frame   0x000000b0       0x20 c:/program files (x86)/microchip/xc32/v1.31/bin/../lib/gcc/pic32mx/4.5.2/../../../../pic32mx/lib\libmchp_peripheral.a(read_core_timer_lib.o)
 .debug_frame   0x000000d0       0x30 c:/program files (x86)/microchip/xc32/v1.31/bin/../lib/gcc/pic32mx/4.5.2/../../../../pic32mx/lib\libmchp_peripheral_32MX795F512L.a(pcache.o)
 .debug_frame   0x00000100       0x20 c:/program files (x86)/microchip/xc32/v1.31/bin/../lib/gcc/pic32mx/4.5.2/../../../../pic32mx/lib\libmchp_peripheral_32MX795F512L.a(int_disable_interrupts_lib.o)
 .debug_frame   0x00000120       0x20 c:/program files (x86)/microchip/xc32/v1.31/bin/../lib/gcc/pic32mx/4.5.2/../../../../pic32mx/lib\libmchp_peripheral_32MX795F512L.a(int_restore_interrupts_lib.o)
 .debug_frame   0x00000140       0x28 c:/program files (x86)/microchip/xc32/v1.31/bin/../lib/gcc/pic32mx/4.5.2/../../../../pic32mx/lib\libmchp_peripheral_32MX795F512L.a(int_enable_mv_int_lib.o)
 .debug_frame   0x00000168       0x20 c:/program files (x86)/microchip/xc32/v1.31/bin/../lib/gcc/pic32mx/4.5.2/../../../../pic32mx/lib\libmchp_peripheral_32MX795F512L.a(int_enable_interrupts_lib.o)
 .debug_frame   0x00000188       0x28 c:/program files (x86)/microchip/xc32/v1.31/bin/../lib/gcc/pic32mx/4.5.2/../../../../pic32mx/lib\libpic32.a(default-bootstrap-exception-handler.o)
 .debug_frame   0x000001b0       0x20 c:/program files (x86)/microchip/xc32/v1.31/bin/../lib/gcc/pic32mx/4.5.2/../../../../pic32mx/lib\libpic32.a(default-on-reset.o)
 .debug_frame   0x000001d0       0x20 c:/program files (x86)/microchip/xc32/v1.31/bin/../lib/gcc/pic32mx/4.5.2/../../../../pic32mx/lib\libpic32.a(default-on-bootstrap.o)
 .debug_frame   0x000001f0       0x28 c:/program files (x86)/microchip/xc32/v1.31/bin/../lib/gcc/pic32mx/4.5.2/../../../../pic32mx/lib\libpic32.a(default-general-exception-handler.o)

.debug_str      0x00000000      0x156
 *(.debug_str)
 .debug_str     0x00000000      0x156 build/default/production/_ext/1472/main.o
 .debug_str     0x00000156        0x0 c:/program files (x86)/microchip/xc32/v1.31/bin/../lib/gcc/pic32mx/4.5.2/../../../../pic32mx/lib\libmchp_peripheral.a(open_core_timer_lib.o)
 .debug_str     0x00000156        0x0 c:/program files (x86)/microchip/xc32/v1.31/bin/../lib/gcc/pic32mx/4.5.2/../../../../pic32mx/lib\libmchp_peripheral.a(update_core_timer_lib.o)
 .debug_str     0x00000156        0x0 c:/program files (x86)/microchip/xc32/v1.31/bin/../lib/gcc/pic32mx/4.5.2/../../../../pic32mx/lib\libmchp_peripheral.a(read_core_timer_lib.o)
 .debug_str     0x00000156        0x0 c:/program files (x86)/microchip/xc32/v1.31/bin/../lib/gcc/pic32mx/4.5.2/../../../../pic32mx/lib\libmchp_peripheral_32MX795F512L.a(pcache.o)
 .debug_str     0x00000156        0x0 c:/program files (x86)/microchip/xc32/v1.31/bin/../lib/gcc/pic32mx/4.5.2/../../../../pic32mx/lib\libmchp_peripheral_32MX795F512L.a(int_disable_interrupts_lib.o)
 .debug_str     0x00000156        0x0 c:/program files (x86)/microchip/xc32/v1.31/bin/../lib/gcc/pic32mx/4.5.2/../../../../pic32mx/lib\libmchp_peripheral_32MX795F512L.a(int_restore_interrupts_lib.o)
 .debug_str     0x00000156        0x0 c:/program files (x86)/microchip/xc32/v1.31/bin/../lib/gcc/pic32mx/4.5.2/../../../../pic32mx/lib\libmchp_peripheral_32MX795F512L.a(int_enable_mv_int_lib.o)
 .debug_str     0x00000156        0x0 c:/program files (x86)/microchip/xc32/v1.31/bin/../lib/gcc/pic32mx/4.5.2/../../../../pic32mx/lib\libmchp_peripheral_32MX795F512L.a(int_enable_interrupts_lib.o)
 .debug_str     0x00000156        0x0 c:/program files (x86)/microchip/xc32/v1.31/bin/../lib/gcc/pic32mx/4.5.2/../../../../pic32mx/lib\libpic32.a(default-bootstrap-exception-handler.o)
 .debug_str     0x00000156        0x0 c:/program files (x86)/microchip/xc32/v1.31/bin/../lib/gcc/pic32mx/4.5.2/../../../../pic32mx/lib\libpic32.a(default-on-reset.o)
 .debug_str     0x00000156        0x0 c:/program files (x86)/microchip/xc32/v1.31/bin/../lib/gcc/pic32mx/4.5.2/../../../../pic32mx/lib\libpic32.a(default-on-bootstrap.o)
 .debug_str     0x00000156        0x0 c:/program files (x86)/microchip/xc32/v1.31/bin/../lib/gcc/pic32mx/4.5.2/../../../../pic32mx/lib\libpic32.a(default-general-exception-handler.o)

.debug_loc
 *(.debug_loc)

.debug_macinfo
 *(.debug_macinfo)

.debug_weaknames
 *(.debug_weaknames)

.debug_funcnames
 *(.debug_funcnames)

.debug_typenames
 *(.debug_typenames)

.debug_varnames
 *(.debug_varnames)

.debug_pubtypes
                0x00000000       0xf8
 *(.debug_pubtypes)
 .debug_pubtypes
                0x00000000       0xf8 build/default/production/_ext/1472/main.o

.debug_ranges   0x00000000       0x88
 *(.debug_ranges)
 .debug_ranges  0x00000000       0x10 c:/program files (x86)/microchip/xc32/v1.31/bin/../lib/gcc/pic32mx/4.5.2/../../../../pic32mx/lib\libmchp_peripheral.a(open_core_timer_lib.o)
 .debug_ranges  0x00000010       0x10 c:/program files (x86)/microchip/xc32/v1.31/bin/../lib/gcc/pic32mx/4.5.2/../../../../pic32mx/lib\libmchp_peripheral.a(update_core_timer_lib.o)
 .debug_ranges  0x00000020       0x10 c:/program files (x86)/microchip/xc32/v1.31/bin/../lib/gcc/pic32mx/4.5.2/../../../../pic32mx/lib\libmchp_peripheral.a(read_core_timer_lib.o)
 .debug_ranges  0x00000030       0x18 c:/program files (x86)/microchip/xc32/v1.31/bin/../lib/gcc/pic32mx/4.5.2/../../../../pic32mx/lib\libmchp_peripheral_32MX795F512L.a(pcache.o)
 .debug_ranges  0x00000048       0x10 c:/program files (x86)/microchip/xc32/v1.31/bin/../lib/gcc/pic32mx/4.5.2/../../../../pic32mx/lib\libmchp_peripheral_32MX795F512L.a(int_disable_interrupts_lib.o)
 .debug_ranges  0x00000058       0x10 c:/program files (x86)/microchip/xc32/v1.31/bin/../lib/gcc/pic32mx/4.5.2/../../../../pic32mx/lib\libmchp_peripheral_32MX795F512L.a(int_restore_interrupts_lib.o)
 .debug_ranges  0x00000068       0x10 c:/program files (x86)/microchip/xc32/v1.31/bin/../lib/gcc/pic32mx/4.5.2/../../../../pic32mx/lib\libmchp_peripheral_32MX795F512L.a(int_enable_mv_int_lib.o)
 .debug_ranges  0x00000078       0x10 c:/program files (x86)/microchip/xc32/v1.31/bin/../lib/gcc/pic32mx/4.5.2/../../../../pic32mx/lib\libmchp_peripheral_32MX795F512L.a(int_enable_interrupts_lib.o)

.gnu.attributes
                0x00000000       0x10
 *(.gnu.attributes)
 .gnu.attributes
                0x00000000       0x10 build/default/production/_ext/1472/main.o
 .gnu.attributes
                0x00000010       0x10 c:/program files (x86)/microchip/xc32/v1.31/bin/../lib/gcc/pic32mx/4.5.2/../../../../pic32mx/lib\libmchp_peripheral.a(open_core_timer_lib.o)
 .gnu.attributes
                0x00000020       0x10 c:/program files (x86)/microchip/xc32/v1.31/bin/../lib/gcc/pic32mx/4.5.2/../../../../pic32mx/lib\libmchp_peripheral.a(update_core_timer_lib.o)
 .gnu.attributes
                0x00000030       0x10 c:/program files (x86)/microchip/xc32/v1.31/bin/../lib/gcc/pic32mx/4.5.2/../../../../pic32mx/lib\libmchp_peripheral.a(read_core_timer_lib.o)
 .gnu.attributes
                0x00000040       0x10 c:/program files (x86)/microchip/xc32/v1.31/bin/../lib/gcc/pic32mx/4.5.2/../../../../pic32mx/lib\libmchp_peripheral_32MX795F512L.a(pcache.o)
 .gnu.attributes
                0x00000050       0x10 c:/program files (x86)/microchip/xc32/v1.31/bin/../lib/gcc/pic32mx/4.5.2/../../../../pic32mx/lib\libmchp_peripheral_32MX795F512L.a(int_disable_interrupts_lib.o)
 .gnu.attributes
                0x00000060       0x10 c:/program files (x86)/microchip/xc32/v1.31/bin/../lib/gcc/pic32mx/4.5.2/../../../../pic32mx/lib\libmchp_peripheral_32MX795F512L.a(int_restore_interrupts_lib.o)
 .gnu.attributes
                0x00000070       0x10 c:/program files (x86)/microchip/xc32/v1.31/bin/../lib/gcc/pic32mx/4.5.2/../../../../pic32mx/lib\libmchp_peripheral_32MX795F512L.a(int_enable_mv_int_lib.o)
 .gnu.attributes
                0x00000080       0x10 c:/program files (x86)/microchip/xc32/v1.31/bin/../lib/gcc/pic32mx/4.5.2/../../../../pic32mx/lib\libmchp_peripheral_32MX795F512L.a(int_enable_interrupts_lib.o)
 .gnu.attributes
                0x00000090       0x10 c:/program files (x86)/microchip/xc32/v1.31/bin/../lib/gcc/pic32mx/4.5.2/../../../../pic32mx/lib\libpic32.a(default-bootstrap-exception-handler.o)
 .gnu.attributes
                0x000000a0       0x10 c:/program files (x86)/microchip/xc32/v1.31/bin/../lib/gcc/pic32mx/4.5.2/../../../../pic32mx/lib\libpic32.a(default-on-reset.o)
 .gnu.attributes
                0x000000b0       0x10 c:/program files (x86)/microchip/xc32/v1.31/bin/../lib/gcc/pic32mx/4.5.2/../../../../pic32mx/lib\libpic32.a(default-on-bootstrap.o)
 .gnu.attributes
                0x000000c0       0x10 c:/program files (x86)/microchip/xc32/v1.31/bin/../lib/gcc/pic32mx/4.5.2/../../../../pic32mx/lib\libpic32.a(default-general-exception-handler.o)
LOAD c:/program files (x86)/microchip/xc32/v1.31/bin/../lib/gcc/pic32mx/4.5.2\libgcc.a
START GROUP
LOAD c:/program files (x86)/microchip/xc32/v1.31/bin/../lib/gcc/pic32mx/4.5.2/../../../../pic32mx/lib\libpic32.a
LOAD c:/program files (x86)/microchip/xc32/v1.31/bin/../lib/gcc/pic32mx/4.5.2/../../../../pic32mx/lib\libdebug.a
LOAD c:/program files (x86)/microchip/xc32/v1.31/bin/../lib/gcc/pic32mx/4.5.2/../../../../pic32mx/lib\libm.a
LOAD c:/program files (x86)/microchip/xc32/v1.31/bin/../lib/gcc/pic32mx/4.5.2/../../../../pic32mx/lib\libe.a
LOAD c:/program files (x86)/microchip/xc32/v1.31/bin/../lib/gcc/pic32mx/4.5.2/../../../../pic32mx/lib\libdsp.a
LOAD c:/program files (x86)/microchip/xc32/v1.31/bin/../lib/gcc/pic32mx/4.5.2\libgcc.a
LOAD c:/program files (x86)/microchip/xc32/v1.31/bin/../lib/gcc/pic32mx/4.5.2/../../../../pic32mx/lib\libpic32.a
LOAD c:/program files (x86)/microchip/xc32/v1.31/bin/../lib/gcc/pic32mx/4.5.2/../../../../pic32mx/lib\libc.a
LOAD c:/program files (x86)/microchip/xc32/v1.31/bin/../lib/gcc/pic32mx/4.5.2/../../../../pic32mx/lib\libpic32.a
END GROUP
LOAD c:/program files (x86)/microchip/xc32/v1.31/bin/../lib/gcc/pic32mx/4.5.2\libgcc.a
LOAD c:/program files (x86)/microchip/xc32/v1.31/bin/../lib/gcc/pic32mx/4.5.2/../../../../pic32mx/lib\debug-exception-return.o
OUTPUT(dist/default/production/Demo_App_PIC32_Starter_Kits.X.production.elf elf32-tradlittlemips)
LOAD stack
LOAD data_init

.reginfo        0x00000000       0x18
 .reginfo       0x00000000       0x18 c:/program files (x86)/microchip/xc32/v1.31/bin/../lib/gcc/pic32mx/4.5.2/../../../../pic32mx/lib/./proc/32MX795F512L/crt0_mips32r2.o

.stack          0xa0000030      0x400
 .stack         0xa0000030      0x400 stack

.bss%z1         0x00000000        0x0
 .bss           0x00000000        0x0 c:/program files (x86)/microchip/xc32/v1.31/bin/../lib/gcc/pic32mx/4.5.2/../../../../pic32mx/lib\debug-exception-return.o

.data%z2        0x00000000        0x0
 .data          0x00000000        0x0 c:/program files (x86)/microchip/xc32/v1.31/bin/../lib/gcc/pic32mx/4.5.2/../../../../pic32mx/lib\debug-exception-return.o

.bss%z3         0x00000000        0x0
 .bss           0x00000000        0x0 c:/program files (x86)/microchip/xc32/v1.31/bin/../lib/gcc/pic32mx/4.5.2/../../../../pic32mx/lib\libpic32.a(default-general-exception-handler.o)

.data%z4        0x00000000        0x0
 .data          0x00000000        0x0 c:/program files (x86)/microchip/xc32/v1.31/bin/../lib/gcc/pic32mx/4.5.2/../../../../pic32mx/lib\libpic32.a(default-general-exception-handler.o)

.bss%z5         0x00000000        0x0
 .bss           0x00000000        0x0 c:/program files (x86)/microchip/xc32/v1.31/bin/../lib/gcc/pic32mx/4.5.2/../../../../pic32mx/lib\libpic32.a(general-exception.o)

.data%z6        0x00000000        0x0
 .data          0x00000000        0x0 c:/program files (x86)/microchip/xc32/v1.31/bin/../lib/gcc/pic32mx/4.5.2/../../../../pic32mx/lib\libpic32.a(general-exception.o)

.bss%z7         0x00000000        0x0
 .bss           0x00000000        0x0 c:/program files (x86)/microchip/xc32/v1.31/bin/../lib/gcc/pic32mx/4.5.2/../../../../pic32mx/lib\libpic32.a(pic32_software_reset.o)

.data%z8        0x00000000        0x0
 .data          0x00000000        0x0 c:/program files (x86)/microchip/xc32/v1.31/bin/../lib/gcc/pic32mx/4.5.2/../../../../pic32mx/lib\libpic32.a(pic32_software_reset.o)

.bss%z9         0x00000000        0x0
 .bss           0x00000000        0x0 c:/program files (x86)/microchip/xc32/v1.31/bin/../lib/gcc/pic32mx/4.5.2/../../../../pic32mx/lib\libpic32.a(default-nmi-handler.o)

.data%z10       0x00000000        0x0
 .data          0x00000000        0x0 c:/program files (x86)/microchip/xc32/v1.31/bin/../lib/gcc/pic32mx/4.5.2/../../../../pic32mx/lib\libpic32.a(default-nmi-handler.o)

.bss%z11        0x00000000        0x0
 .bss           0x00000000        0x0 c:/program files (x86)/microchip/xc32/v1.31/bin/../lib/gcc/pic32mx/4.5.2/../../../../pic32mx/lib\libpic32.a(default-on-bootstrap.o)

.data%z12       0x00000000        0x0
 .data          0x00000000        0x0 c:/program files (x86)/microchip/xc32/v1.31/bin/../lib/gcc/pic32mx/4.5.2/../../../../pic32mx/lib\libpic32.a(default-on-bootstrap.o)

.bss%z13        0x00000000        0x0
 .bss           0x00000000        0x0 c:/program files (x86)/microchip/xc32/v1.31/bin/../lib/gcc/pic32mx/4.5.2/../../../../pic32mx/lib\libpic32.a(default-on-reset.o)

.data%z14       0x00000000        0x0
 .data          0x00000000        0x0 c:/program files (x86)/microchip/xc32/v1.31/bin/../lib/gcc/pic32mx/4.5.2/../../../../pic32mx/lib\libpic32.a(default-on-reset.o)

.bss%z15        0x00000000        0x0
 .bss           0x00000000        0x0 c:/program files (x86)/microchip/xc32/v1.31/bin/../lib/gcc/pic32mx/4.5.2/../../../../pic32mx/lib\libpic32.a(default-bootstrap-exception-handler.o)

.data%z16       0x00000000        0x0
 .data          0x00000000        0x0 c:/program files (x86)/microchip/xc32/v1.31/bin/../lib/gcc/pic32mx/4.5.2/../../../../pic32mx/lib\libpic32.a(default-bootstrap-exception-handler.o)

.bss%z17        0x00000000        0x0
 .bss           0x00000000        0x0 c:/program files (x86)/microchip/xc32/v1.31/bin/../lib/gcc/pic32mx/4.5.2/../../../../pic32mx/lib\libmchp_peripheral_32MX795F512L.a(int_enable_interrupts_lib.o)

.data%z18       0x00000000        0x0
 .data          0x00000000        0x0 c:/program files (x86)/microchip/xc32/v1.31/bin/../lib/gcc/pic32mx/4.5.2/../../../../pic32mx/lib\libmchp_peripheral_32MX795F512L.a(int_enable_interrupts_lib.o)

.bss%z19        0x00000000        0x0
 .bss           0x00000000        0x0 c:/program files (x86)/microchip/xc32/v1.31/bin/../lib/gcc/pic32mx/4.5.2/../../../../pic32mx/lib\libmchp_peripheral_32MX795F512L.a(int_enable_mv_int_lib.o)

.data%z20       0x00000000        0x0
 .data          0x00000000        0x0 c:/program files (x86)/microchip/xc32/v1.31/bin/../lib/gcc/pic32mx/4.5.2/../../../../pic32mx/lib\libmchp_peripheral_32MX795F512L.a(int_enable_mv_int_lib.o)

.bss%z21        0x00000000        0x0
 .bss           0x00000000        0x0 c:/program files (x86)/microchip/xc32/v1.31/bin/../lib/gcc/pic32mx/4.5.2/../../../../pic32mx/lib\libmchp_peripheral_32MX795F512L.a(int_restore_interrupts_lib.o)

.data%z22       0x00000000        0x0
 .data          0x00000000        0x0 c:/program files (x86)/microchip/xc32/v1.31/bin/../lib/gcc/pic32mx/4.5.2/../../../../pic32mx/lib\libmchp_peripheral_32MX795F512L.a(int_restore_interrupts_lib.o)

.bss%z23        0x00000000        0x0
 .bss           0x00000000        0x0 c:/program files (x86)/microchip/xc32/v1.31/bin/../lib/gcc/pic32mx/4.5.2/../../../../pic32mx/lib\libmchp_peripheral_32MX795F512L.a(int_disable_interrupts_lib.o)

.data%z24       0x00000000        0x0
 .data          0x00000000        0x0 c:/program files (x86)/microchip/xc32/v1.31/bin/../lib/gcc/pic32mx/4.5.2/../../../../pic32mx/lib\libmchp_peripheral_32MX795F512L.a(int_disable_interrupts_lib.o)

.bss%z25        0x00000000        0x0
 .bss           0x00000000        0x0 c:/program files (x86)/microchip/xc32/v1.31/bin/../lib/gcc/pic32mx/4.5.2/../../../../pic32mx/lib\libmchp_peripheral_32MX795F512L.a(pcache.o)

.data%z26       0x00000000        0x0
 .data          0x00000000        0x0 c:/program files (x86)/microchip/xc32/v1.31/bin/../lib/gcc/pic32mx/4.5.2/../../../../pic32mx/lib\libmchp_peripheral_32MX795F512L.a(pcache.o)

.bss%z27        0x00000000        0x0
 .bss           0x00000000        0x0 c:/program files (x86)/microchip/xc32/v1.31/bin/../lib/gcc/pic32mx/4.5.2/../../../../pic32mx/lib\libmchp_peripheral.a(read_core_timer_lib.o)

.data%z28       0x00000000        0x0
 .data          0x00000000        0x0 c:/program files (x86)/microchip/xc32/v1.31/bin/../lib/gcc/pic32mx/4.5.2/../../../../pic32mx/lib\libmchp_peripheral.a(read_core_timer_lib.o)

.bss%z29        0x00000000        0x0
 .bss           0x00000000        0x0 c:/program files (x86)/microchip/xc32/v1.31/bin/../lib/gcc/pic32mx/4.5.2/../../../../pic32mx/lib\libmchp_peripheral.a(update_core_timer_lib.o)

.data%z30       0x00000000        0x0
 .data          0x00000000        0x0 c:/program files (x86)/microchip/xc32/v1.31/bin/../lib/gcc/pic32mx/4.5.2/../../../../pic32mx/lib\libmchp_peripheral.a(update_core_timer_lib.o)

.bss%z31        0x00000000        0x0
 .bss           0x00000000        0x0 c:/program files (x86)/microchip/xc32/v1.31/bin/../lib/gcc/pic32mx/4.5.2/../../../../pic32mx/lib\libmchp_peripheral.a(open_core_timer_lib.o)

.data%z32       0x00000000        0x0
 .data          0x00000000        0x0 c:/program files (x86)/microchip/xc32/v1.31/bin/../lib/gcc/pic32mx/4.5.2/../../../../pic32mx/lib\libmchp_peripheral.a(open_core_timer_lib.o)

.bss%z33        0x00000000        0x0
 .bss           0x00000000        0x0 c:/program files (x86)/microchip/xc32/v1.31/bin/../lib/gcc/pic32mx/4.5.2/../../../../pic32mx/lib/./proc/32MX795F512L\processor.o

.data%z34       0x00000000        0x0
 .data          0x00000000        0x0 c:/program files (x86)/microchip/xc32/v1.31/bin/../lib/gcc/pic32mx/4.5.2/../../../../pic32mx/lib/./proc/32MX795F512L\processor.o

.bss%z35        0x00000000        0x0
 .bss           0x00000000        0x0 build/default/production/_ext/1472/main.o

.data%z36       0x00000000        0x0
 .data          0x00000000        0x0 build/default/production/_ext/1472/main.o

.bss%z37        0x00000000        0x0
 .bss           0x00000000        0x0 c:/program files (x86)/microchip/xc32/v1.31/bin/../lib/gcc/pic32mx/4.5.2/../../../../pic32mx/lib/./proc/32MX795F512L/crt0_mips32r2.o

.data%z38       0x00000000        0x0
 .data          0x00000000        0x0 c:/program files (x86)/microchip/xc32/v1.31/bin/../lib/gcc/pic32mx/4.5.2/../../../../pic32mx/lib/./proc/32MX795F512L/crt0_mips32r2.o

.text           0x9d007490      0x4dc
 .text          0x9d007490      0x4dc build/default/production/_ext/1472/main.o
                0x9d007490                main
                0x9d00783c                CoreTimerHandler

.text.general_exception
                0x9d00796c       0xdc
 .text.general_exception
                0x9d00796c       0xdc c:/program files (x86)/microchip/xc32/v1.31/bin/../lib/gcc/pic32mx/4.5.2/../../../../pic32mx/lib\libpic32.a(general-exception.o)
                0x9d00796c                _general_exception_context

.text.main_entry
                0x9d007a48       0x4c
 .text.main_entry
                0x9d007a48       0x4c c:/program files (x86)/microchip/xc32/v1.31/bin/../lib/gcc/pic32mx/4.5.2/../../../../pic32mx/lib/./proc/32MX795F512L/crt0_mips32r2.o
                0x9d007a74                __crt0_exit

.text           0x9d007a94       0x44
 .text          0x9d007a94       0x44 c:/program files (x86)/microchip/xc32/v1.31/bin/../lib/gcc/pic32mx/4.5.2/../../../../pic32mx/lib\libpic32.a(pic32_software_reset.o)
                0x9d007a94                __pic32_software_reset

.text._bootstrap_exception_handler
                0x9d007ad8       0x38
 .text._bootstrap_exception_handler
                0x9d007ad8       0x38 c:/program files (x86)/microchip/xc32/v1.31/bin/../lib/gcc/pic32mx/4.5.2/../../../../pic32mx/lib\libpic32.a(default-bootstrap-exception-handler.o)
                0x9d007ad8                _bootstrap_exception_handler

.text._general_exception_handler
                0x9d007b10       0x38
 .text._general_exception_handler
                0x9d007b10       0x38 c:/program files (x86)/microchip/xc32/v1.31/bin/../lib/gcc/pic32mx/4.5.2/../../../../pic32mx/lib\libpic32.a(default-general-exception-handler.o)
                0x9d007b10                _general_exception_handler

.text.INTEnableSystemMultiVectoredInt
                0x9d007b48       0x34
 .text.INTEnableSystemMultiVectoredInt
                0x9d007b48       0x34 c:/program files (x86)/microchip/xc32/v1.31/bin/../lib/gcc/pic32mx/4.5.2/../../../../pic32mx/lib\libmchp_peripheral_32MX795F512L.a(int_enable_mv_int_lib.o)
                0x9d007b48                INTEnableSystemMultiVectoredInt

.text.INTRestoreInterrupts
                0x9d007b7c       0x1c
 .text.INTRestoreInterrupts
                0x9d007b7c       0x1c c:/program files (x86)/microchip/xc32/v1.31/bin/../lib/gcc/pic32mx/4.5.2/../../../../pic32mx/lib\libmchp_peripheral_32MX795F512L.a(int_restore_interrupts_lib.o)
                0x9d007b7c                INTRestoreInterrupts

.text.CheKseg0CacheOff
                0x9d007b98       0x18
 .text.CheKseg0CacheOff
                0x9d007b98       0x18 c:/program files (x86)/microchip/xc32/v1.31/bin/../lib/gcc/pic32mx/4.5.2/../../../../pic32mx/lib\libmchp_peripheral_32MX795F512L.a(pcache.o)
                0x9d007b98                CheKseg0CacheOff

.text.CheKseg0CacheOn
                0x9d007bb0       0x18
 .text.CheKseg0CacheOn
                0x9d007bb0       0x18 c:/program files (x86)/microchip/xc32/v1.31/bin/../lib/gcc/pic32mx/4.5.2/../../../../pic32mx/lib\libmchp_peripheral_32MX795F512L.a(pcache.o)
                0x9d007bb0                CheKseg0CacheOn

.text           0x9d007bc8       0x18
 .text          0x9d007bc8       0x18 c:/program files (x86)/microchip/xc32/v1.31/bin/../lib/gcc/pic32mx/4.5.2/../../../../pic32mx/lib\libpic32.a(default-nmi-handler.o)
                0x9d007bc8                _nmi_handler

.text.UpdateCoreTimer
                0x9d007be0       0x10
 .text.UpdateCoreTimer
                0x9d007be0       0x10 c:/program files (x86)/microchip/xc32/v1.31/bin/../lib/gcc/pic32mx/4.5.2/../../../../pic32mx/lib\libmchp_peripheral.a(update_core_timer_lib.o)
                0x9d007be0                UpdateCoreTimer

.dinit          0x9d007bf0       0x10
 .dinit         0x9d007bf0       0x10 data_init

.text.OpenCoreTimer
                0x9d007c00        0xc
 .text.OpenCoreTimer
                0x9d007c00        0xc c:/program files (x86)/microchip/xc32/v1.31/bin/../lib/gcc/pic32mx/4.5.2/../../../../pic32mx/lib\libmchp_peripheral.a(open_core_timer_lib.o)
                0x9d007c00                OpenCoreTimer

.text.ReadCoreTimer
                0x9d007c0c        0x8
 .text.ReadCoreTimer
                0x9d007c0c        0x8 c:/program files (x86)/microchip/xc32/v1.31/bin/../lib/gcc/pic32mx/4.5.2/../../../../pic32mx/lib\libmchp_peripheral.a(read_core_timer_lib.o)
                0x9d007c0c                ReadCoreTimer

.text.INTDisableInterrupts
                0x9d007c14        0x8
 .text.INTDisableInterrupts
                0x9d007c14        0x8 c:/program files (x86)/microchip/xc32/v1.31/bin/../lib/gcc/pic32mx/4.5.2/../../../../pic32mx/lib\libmchp_peripheral_32MX795F512L.a(int_disable_interrupts_lib.o)
                0x9d007c14                INTDisableInterrupts

.text.INTEnableInterrupts
                0x9d007c1c        0x8
 .text.INTEnableInterrupts
                0x9d007c1c        0x8 c:/program files (x86)/microchip/xc32/v1.31/bin/../lib/gcc/pic32mx/4.5.2/../../../../pic32mx/lib\libmchp_peripheral_32MX795F512L.a(int_enable_interrupts_lib.o)
                0x9d007c1c                INTEnableInterrupts

.text._on_reset
                0x9d007c24        0x8
 .text._on_reset
                0x9d007c24        0x8 c:/program files (x86)/microchip/xc32/v1.31/bin/../lib/gcc/pic32mx/4.5.2/../../../../pic32mx/lib\libpic32.a(default-on-reset.o)
                0x9d007c24                _on_reset

.text._on_bootstrap
                0x9d007c2c        0x8
 .text._on_bootstrap
                0x9d007c2c        0x8 c:/program files (x86)/microchip/xc32/v1.31/bin/../lib/gcc/pic32mx/4.5.2/../../../../pic32mx/lib\libpic32.a(default-on-bootstrap.o)
                0x9d007c2c                _on_bootstrap

.text%z39       0x00000000        0x0
 .text          0x00000000        0x0 c:/program files (x86)/microchip/xc32/v1.31/bin/../lib/gcc/pic32mx/4.5.2/../../../../pic32mx/lib\debug-exception-return.o

.text%z40       0x00000000        0x0
 .text          0x00000000        0x0 c:/program files (x86)/microchip/xc32/v1.31/bin/../lib/gcc/pic32mx/4.5.2/../../../../pic32mx/lib\libpic32.a(default-general-exception-handler.o)

.text%z41       0x00000000        0x0
 .text          0x00000000        0x0 c:/program files (x86)/microchip/xc32/v1.31/bin/../lib/gcc/pic32mx/4.5.2/../../../../pic32mx/lib\libpic32.a(general-exception.o)

.text%z42       0x00000000        0x0
 .text          0x00000000        0x0 c:/program files (x86)/microchip/xc32/v1.31/bin/../lib/gcc/pic32mx/4.5.2/../../../../pic32mx/lib\libpic32.a(default-on-bootstrap.o)

.text%z43       0x00000000        0x0
 .text          0x00000000        0x0 c:/program files (x86)/microchip/xc32/v1.31/bin/../lib/gcc/pic32mx/4.5.2/../../../../pic32mx/lib\libpic32.a(default-on-reset.o)

.text%z44       0x00000000        0x0
 .text          0x00000000        0x0 c:/program files (x86)/microchip/xc32/v1.31/bin/../lib/gcc/pic32mx/4.5.2/../../../../pic32mx/lib\libpic32.a(default-bootstrap-exception-handler.o)

.text%z45       0x00000000        0x0
 .text          0x00000000        0x0 c:/program files (x86)/microchip/xc32/v1.31/bin/../lib/gcc/pic32mx/4.5.2/../../../../pic32mx/lib\libmchp_peripheral_32MX795F512L.a(int_enable_interrupts_lib.o)

.text%z46       0x00000000        0x0
 .text          0x00000000        0x0 c:/program files (x86)/microchip/xc32/v1.31/bin/../lib/gcc/pic32mx/4.5.2/../../../../pic32mx/lib\libmchp_peripheral_32MX795F512L.a(int_enable_mv_int_lib.o)

.text%z47       0x00000000        0x0
 .text          0x00000000        0x0 c:/program files (x86)/microchip/xc32/v1.31/bin/../lib/gcc/pic32mx/4.5.2/../../../../pic32mx/lib\libmchp_peripheral_32MX795F512L.a(int_restore_interrupts_lib.o)

.text%z48       0x00000000        0x0
 .text          0x00000000        0x0 c:/program files (x86)/microchip/xc32/v1.31/bin/../lib/gcc/pic32mx/4.5.2/../../../../pic32mx/lib\libmchp_peripheral_32MX795F512L.a(int_disable_interrupts_lib.o)

.text%z49       0x00000000        0x0
 .text          0x00000000        0x0 c:/program files (x86)/microchip/xc32/v1.31/bin/../lib/gcc/pic32mx/4.5.2/../../../../pic32mx/lib\libmchp_peripheral_32MX795F512L.a(pcache.o)

.text%z50       0x00000000        0x0
 .text          0x00000000        0x0 c:/program files (x86)/microchip/xc32/v1.31/bin/../lib/gcc/pic32mx/4.5.2/../../../../pic32mx/lib\libmchp_peripheral.a(read_core_timer_lib.o)

.text%z51       0x00000000        0x0
 .text          0x00000000        0x0 c:/program files (x86)/microchip/xc32/v1.31/bin/../lib/gcc/pic32mx/4.5.2/../../../../pic32mx/lib\libmchp_peripheral.a(update_core_timer_lib.o)

.text%z52       0x00000000        0x0
 .text          0x00000000        0x0 c:/program files (x86)/microchip/xc32/v1.31/bin/../lib/gcc/pic32mx/4.5.2/../../../../pic32mx/lib\libmchp_peripheral.a(open_core_timer_lib.o)

.text%z53       0x00000000        0x0
 .text          0x00000000        0x0 c:/program files (x86)/microchip/xc32/v1.31/bin/../lib/gcc/pic32mx/4.5.2/../../../../pic32mx/lib/./proc/32MX795F512L\processor.o

.text%z54       0x00000000        0x0
 .text          0x00000000        0x0 c:/program files (x86)/microchip/xc32/v1.31/bin/../lib/gcc/pic32mx/4.5.2/../../../../pic32mx/lib/./proc/32MX795F512L/crt0_mips32r2.o
